Java HotSpot(TM) Client VM (25.111-b14) for windows-x86 JRE (1.8.0_111-b14), built on Sep 22 2016 18:54:33 by "java_re" with MS VC++ 10.0 (VS2010)
Memory: 4k page, physical 16733184k(9964256k free), swap 33464532k(25229496k free)
CommandLine flags: -XX:+HeapDumpOnOutOfMemoryError -XX:InitialHeapSize=67108864 -XX:MaxHeapSize=67108864 -XX:MaxNewSize=22372352 -XX:MaxTenuringThreshold=6 -XX:NewSize=22372352 -XX:OldPLABSize=16 -XX:OldSize=44736512 -XX:+PrintGC -XX:+PrintGCDetails -XX:+PrintGCTimeStamps -XX:+UseConcMarkSweepGC -XX:-UseLargePagesIndividualAllocation -XX:+UseParNewGC 
0.251: [GC (Allocation Failure) 0.251: [ParNew: 17472K->2176K(19648K), 0.0040853 secs] 17472K->3574K(63360K), 0.0042120 secs] [Times: user=0.00 sys=0.02, real=0.00 secs] 
0.370: [GC (Allocation Failure) 0.370: [ParNew: 19648K->2175K(19648K), 0.0076138 secs] 21046K->5266K(63360K), 0.0076682 secs] [Times: user=0.06 sys=0.00, real=0.01 secs] 
0.519: [GC (Allocation Failure) 0.519: [ParNew: 19647K->2175K(19648K), 0.0034140 secs] 22738K->6366K(63360K), 0.0034546 secs] [Times: user=0.00 sys=0.00, real=0.00 secs] 
0.731: [GC (Allocation Failure) 0.734: [ParNew: 19647K->2175K(19648K), 0.0042271 secs] 23838K->7925K(63360K), 0.0076393 secs] [Times: user=0.06 sys=0.00, real=0.01 secs] 
0.866: [GC (Allocation Failure) 0.866: [ParNew: 19647K->2176K(19648K), 0.0062200 secs] 25397K->10447K(63360K), 0.0062602 secs] [Times: user=0.00 sys=0.00, real=0.01 secs] 
0.953: [GC (Allocation Failure) 0.953: [ParNew: 19648K->2176K(19648K), 0.0246272 secs] 27919K->13097K(63360K), 0.0246741 secs] [Times: user=0.06 sys=0.00, real=0.02 secs] 
1.056: [GC (Allocation Failure) 1.056: [ParNew: 19648K->2176K(19648K), 0.0052573 secs] 30569K->15602K(63360K), 0.0052964 secs] [Times: user=0.00 sys=0.00, real=0.01 secs] 
1.120: [GC (Allocation Failure) 1.120: [ParNew: 19648K->2176K(19648K), 0.0443844 secs] 33074K->17513K(63360K), 0.0444361 secs] [Times: user=0.23 sys=0.00, real=0.05 secs] 
1.240: [GC (Allocation Failure) 1.240: [ParNew: 19648K->2176K(19648K), 0.0018923 secs] 34985K->17591K(63360K), 0.0019232 secs] [Times: user=0.00 sys=0.00, real=0.00 secs] 
1.367: [GC (Allocation Failure) 1.367: [ParNew: 19648K->2175K(19648K), 0.0035658 secs] 35063K->19829K(63360K), 0.0036036 secs] [Times: user=0.00 sys=0.00, real=0.00 secs] 
1.484: [GC (Allocation Failure) 1.484: [ParNew: 19647K->1294K(19648K), 0.0144617 secs] 37301K->19683K(63360K), 0.0145086 secs] [Times: user=0.05 sys=0.00, real=0.01 secs] 
2.098: [GC (Allocation Failure) 2.098: [ParNew: 18766K->1958K(19648K), 0.0026320 secs] 37155K->20348K(63360K), 0.0026647 secs] [Times: user=0.00 sys=0.00, real=0.00 secs] 
2.195: [GC (Allocation Failure) 2.195: [ParNew: 19419K->2112K(19648K), 0.0038317 secs] 37808K->21156K(63360K), 0.0038680 secs] [Times: user=0.00 sys=0.00, real=0.00 secs] 
2.712: [GC (Allocation Failure) 2.712: [ParNew: 19584K->2176K(19648K), 0.0192891 secs] 38628K->23512K(63360K), 0.0193428 secs] [Times: user=0.05 sys=0.00, real=0.02 secs] 
2.891: [GC (Allocation Failure) 2.891: [ParNew: 19648K->2176K(19648K), 0.0032858 secs] 40984K->24875K(63360K), 0.0033275 secs] [Times: user=0.00 sys=0.00, real=0.00 secs] 
2.894: [GC (CMS Initial Mark) [1 CMS-initial-mark: 22699K(43712K)] 25224K(63360K), 0.0007668 secs] [Times: user=0.00 sys=0.00, real=0.00 secs] 
2.895: [CMS-concurrent-mark-start]
2.909: [CMS-concurrent-mark: 0.014/0.014 secs] [Times: user=0.06 sys=0.00, real=0.01 secs] 
2.909: [CMS-concurrent-preclean-start]
2.910: [CMS-concurrent-preclean: 0.000/0.000 secs] [Times: user=0.00 sys=0.00, real=0.00 secs] 
2.910: [GC (CMS Final Remark) [YG occupancy: 3745 K (19648 K)]2.910: [Rescan (parallel) , 0.0015759 secs]2.911: [weak refs processing, 0.0000219 secs]2.911: [class unloading, 0.0012931 secs]2.913: [scrub symbol table, 0.0010654 secs]2.914: [scrub string table, 0.0001100 secs][1 CMS-remark: 22699K(43712K)] 26445K(63360K), 0.0042896 secs] [Times: user=0.00 sys=0.00, real=0.01 secs] 
2.914: [CMS-concurrent-sweep-start]
2.920: [CMS-concurrent-sweep: 0.006/0.006 secs] [Times: user=0.03 sys=0.00, real=0.01 secs] 
2.920: [CMS-concurrent-reset-start]
2.920: [CMS-concurrent-reset: 0.000/0.000 secs] [Times: user=0.00 sys=0.00, real=0.00 secs] 
3.458: [GC (Allocation Failure) 3.458: [ParNew: 19648K->2176K(19648K), 0.0038770 secs] 35095K->20024K(63360K), 0.0039173 secs] [Times: user=0.00 sys=0.00, real=0.00 secs] 
3.533: [GC (Allocation Failure) 3.533: [ParNew: 19648K->2176K(19648K), 0.0386827 secs] 37496K->23313K(63360K), 0.0387236 secs] [Times: user=0.14 sys=0.00, real=0.04 secs] 
3.633: [GC (Allocation Failure) 3.633: [ParNew: 19648K->2176K(19648K), 0.0041177 secs] 40785K->26408K(63360K), 0.0041778 secs] [Times: user=0.02 sys=0.00, real=0.00 secs] 
3.691: [GC (Allocation Failure) 3.691: [ParNew: 19648K->2176K(19648K), 0.0050689 secs] 43880K->29878K(63360K), 0.0051092 secs] [Times: user=0.00 sys=0.00, real=0.00 secs] 
3.757: [GC (Allocation Failure) 3.757: [ParNew: 19648K->2176K(19648K), 0.0049193 secs] 47350K->33325K(63360K), 0.0049605 secs] [Times: user=0.00 sys=0.00, real=0.01 secs] 
3.819: [GC (Allocation Failure) 3.819: [ParNew: 19648K->2176K(19648K), 0.0062930 secs] 50797K->36656K(63360K), 0.0063675 secs] [Times: user=0.02 sys=0.00, real=0.01 secs] 
3.878: [GC (Allocation Failure) 3.878: [ParNew: 19648K->2176K(19648K), 0.0055103 secs] 54128K->40024K(63360K), 0.0055509 secs] [Times: user=0.00 sys=0.00, real=0.00 secs] 
3.884: [GC (CMS Initial Mark) [1 CMS-initial-mark: 37848K(43712K)] 40374K(63360K), 0.0009684 secs] [Times: user=0.00 sys=0.00, real=0.00 secs] 
3.885: [CMS-concurrent-mark-start]
3.903: [CMS-concurrent-mark: 0.018/0.018 secs] [Times: user=0.11 sys=0.00, real=0.02 secs] 
3.904: [CMS-concurrent-preclean-start]
3.905: [CMS-concurrent-preclean: 0.001/0.001 secs] [Times: user=0.00 sys=0.00, real=0.00 secs] 
3.905: [CMS-concurrent-abortable-preclean-start]
3.951: [GC (Allocation Failure) 3.951: [ParNew: 19648K->2176K(19648K), 0.0061398 secs] 57496K->43980K(63360K), 0.0061755 secs] [Times: user=0.00 sys=0.00, real=0.01 secs] 
3.957: [CMS-concurrent-abortable-preclean: 0.046/0.053 secs] [Times: user=0.09 sys=0.00, real=0.05 secs] 
3.958: [GC (CMS Final Remark) [YG occupancy: 2520 K (19648 K)]3.958: [Rescan (parallel) , 0.0022702 secs]3.960: [weak refs processing, 0.0001190 secs]3.960: [class unloading, 0.0014584 secs]3.961: [scrub symbol table, 0.0012817 secs]3.963: [scrub string table, 0.0001283 secs][1 CMS-remark: 41804K(43712K)] 44325K(63360K), 0.0054048 secs] [Times: user=0.00 sys=0.00, real=0.01 secs] 
3.963: [CMS-concurrent-sweep-start]
3.974: [CMS-concurrent-sweep: 0.011/0.011 secs] [Times: user=0.05 sys=0.02, real=0.01 secs] 
3.974: [CMS-concurrent-reset-start]
3.974: [CMS-concurrent-reset: 0.000/0.000 secs] [Times: user=0.00 sys=0.00, real=0.00 secs] 
4.021: [GC (Allocation Failure) 4.021: [ParNew: 19648K->2176K(19648K), 0.0043710 secs] 46674K->32780K(63360K), 0.0044118 secs] [Times: user=0.00 sys=0.00, real=0.00 secs] 
4.084: [GC (Allocation Failure) 4.084: [ParNew: 19648K->2176K(19648K), 0.0366162 secs] 50252K->35968K(63360K), 0.0366649 secs] [Times: user=0.14 sys=0.00, real=0.04 secs] 
4.121: [GC (CMS Initial Mark) [1 CMS-initial-mark: 33792K(43712K)] 36316K(63360K), 0.0010360 secs] [Times: user=0.00 sys=0.00, real=0.00 secs] 
4.122: [CMS-concurrent-mark-start]
4.142: [CMS-concurrent-mark: 0.020/0.020 secs] [Times: user=0.05 sys=0.00, real=0.02 secs] 
4.142: [CMS-concurrent-preclean-start]
4.144: [CMS-concurrent-preclean: 0.001/0.001 secs] [Times: user=0.00 sys=0.00, real=0.00 secs] 
4.144: [CMS-concurrent-abortable-preclean-start]
4.180: [GC (Allocation Failure) 4.180: [ParNew: 19648K->2176K(19648K), 0.0044143 secs] 53440K->39362K(63360K), 0.0044542 secs] [Times: user=0.09 sys=0.00, real=0.00 secs] 
4.213: [CMS-concurrent-abortable-preclean: 0.064/0.069 secs] [Times: user=0.19 sys=0.00, real=0.07 secs] 
4.213: [GC (CMS Final Remark) [YG occupancy: 11609 K (19648 K)]4.213: [Rescan (parallel) , 0.0035574 secs]4.217: [weak refs processing, 0.0000697 secs]4.217: [class unloading, 0.0014731 secs]4.218: [scrub symbol table, 0.0012601 secs]4.220: [scrub string table, 0.0001280 secs][1 CMS-remark: 37186K(43712K)] 48796K(63360K), 0.0065679 secs] [Times: user=0.09 sys=0.00, real=0.01 secs] 
4.220: [CMS-concurrent-sweep-start]
4.233: [CMS-concurrent-sweep: 0.013/0.013 secs] [Times: user=0.03 sys=0.00, real=0.01 secs] 
4.233: [CMS-concurrent-reset-start]
4.233: [CMS-concurrent-reset: 0.000/0.000 secs] [Times: user=0.00 sys=0.00, real=0.00 secs] 
4.245: [GC (Allocation Failure) 4.245: [ParNew: 19648K->2176K(19648K), 0.0046243 secs] 45968K->32232K(63360K), 0.0046648 secs] [Times: user=0.00 sys=0.00, real=0.00 secs] 
4.297: [GC (Allocation Failure) 4.297: [ParNew: 19648K->2176K(19648K), 0.0375136 secs] 49704K->35680K(63360K), 0.0375554 secs] [Times: user=0.19 sys=0.00, real=0.04 secs] 
4.335: [GC (CMS Initial Mark) [1 CMS-initial-mark: 33504K(43712K)] 36029K(63360K), 0.0009146 secs] [Times: user=0.00 sys=0.00, real=0.00 secs] 
4.336: [CMS-concurrent-mark-start]
4.364: [CMS-concurrent-mark: 0.028/0.028 secs] [Times: user=0.09 sys=0.00, real=0.03 secs] 
4.364: [CMS-concurrent-preclean-start]
4.366: [CMS-concurrent-preclean: 0.002/0.002 secs] [Times: user=0.00 sys=0.00, real=0.00 secs] 
4.366: [CMS-concurrent-abortable-preclean-start]
4.386: [GC (Allocation Failure) 4.386: [ParNew: 19648K->2176K(19648K), 0.0037031 secs] 53152K->39171K(63360K), 0.0037454 secs] [Times: user=0.00 sys=0.00, real=0.00 secs] 
4.419: [CMS-concurrent-abortable-preclean: 0.049/0.054 secs] [Times: user=0.11 sys=0.00, real=0.05 secs] 
4.420: [GC (CMS Final Remark) [YG occupancy: 12027 K (19648 K)]4.420: [Rescan (parallel) , 0.0052102 secs]4.425: [weak refs processing, 0.0002163 secs]4.425: [class unloading, 0.0013430 secs]4.426: [scrub symbol table, 0.0011474 secs]4.428: [scrub string table, 0.0001154 secs][1 CMS-remark: 36995K(43712K)] 49022K(63360K), 0.0081038 secs] [Times: user=0.00 sys=0.00, real=0.01 secs] 
4.428: [CMS-concurrent-sweep-start]
4.440: [CMS-concurrent-sweep: 0.011/0.012 secs] [Times: user=0.01 sys=0.01, real=0.01 secs] 
4.440: [CMS-concurrent-reset-start]
4.440: [CMS-concurrent-reset: 0.000/0.000 secs] [Times: user=0.00 sys=0.00, real=0.00 secs] 
4.450: [GC (Allocation Failure) 4.450: [ParNew: 19648K->2176K(19648K), 0.0039576 secs] 47282K->33849K(63360K), 0.0039918 secs] [Times: user=0.00 sys=0.00, real=0.00 secs] 
4.454: [GC (CMS Initial Mark) [1 CMS-initial-mark: 31673K(43712K)] 34201K(63360K), 0.0009149 secs] [Times: user=0.00 sys=0.00, real=0.00 secs] 
4.455: [CMS-concurrent-mark-start]
4.479: [CMS-concurrent-mark: 0.023/0.024 secs] [Times: user=0.09 sys=0.00, real=0.02 secs] 
4.480: [CMS-concurrent-preclean-start]
4.481: [CMS-concurrent-preclean: 0.002/0.002 secs] [Times: user=0.00 sys=0.00, real=0.00 secs] 
4.481: [CMS-concurrent-abortable-preclean-start]
4.504: [GC (Allocation Failure) 4.504: [ParNew: 19648K->2176K(19648K), 0.0034543 secs] 51321K->36809K(63360K), 0.0034946 secs] [Times: user=0.00 sys=0.00, real=0.00 secs] 
4.537: [CMS-concurrent-abortable-preclean: 0.051/0.056 secs] [Times: user=0.09 sys=0.00, real=0.06 secs] 
4.537: [GC (CMS Final Remark) [YG occupancy: 11664 K (19648 K)]4.537: [Rescan (parallel) , 0.0043181 secs]4.542: [weak refs processing, 0.0000787 secs]4.542: [class unloading, 0.0018760 secs]4.544: [scrub symbol table, 0.0012634 secs]4.545: [scrub string table, 0.0001199 secs][1 CMS-remark: 34633K(43712K)] 46297K(63360K), 0.0077355 secs] [Times: user=0.02 sys=0.02, real=0.01 secs] 
4.545: [CMS-concurrent-sweep-start]
4.558: [CMS-concurrent-sweep: 0.013/0.013 secs] [Times: user=0.03 sys=0.00, real=0.01 secs] 
4.558: [CMS-concurrent-reset-start]
4.559: [CMS-concurrent-reset: 0.000/0.000 secs] [Times: user=0.00 sys=0.00, real=0.00 secs] 
4.572: [GC (Allocation Failure) 4.572: [ParNew: 19648K->2176K(19648K), 0.0034687 secs] 47094K->33213K(63360K), 0.0035102 secs] [Times: user=0.13 sys=0.00, real=0.00 secs] 
4.576: [GC (CMS Initial Mark) [1 CMS-initial-mark: 31037K(43712K)] 33563K(63360K), 0.0008470 secs] [Times: user=0.00 sys=0.00, real=0.00 secs] 
4.577: [CMS-concurrent-mark-start]
4.599: [CMS-concurrent-mark: 0.022/0.022 secs] [Times: user=0.05 sys=0.00, real=0.02 secs] 
4.599: [CMS-concurrent-preclean-start]
4.600: [CMS-concurrent-preclean: 0.001/0.001 secs] [Times: user=0.00 sys=0.00, real=0.00 secs] 
4.600: [CMS-concurrent-abortable-preclean-start]
4.627: [GC (Allocation Failure) 4.627: [ParNew: 19648K->2176K(19648K), 0.0035934 secs] 50685K->36828K(63360K), 0.0036331 secs] [Times: user=0.00 sys=0.00, real=0.00 secs] 
4.656: [CMS-concurrent-abortable-preclean: 0.051/0.056 secs] [Times: user=0.14 sys=0.00, real=0.06 secs] 
4.656: [GC (CMS Final Remark) [YG occupancy: 11651 K (19648 K)]4.656: [Rescan (parallel) , 0.0042120 secs]4.660: [weak refs processing, 0.0000481 secs]4.660: [class unloading, 0.0013806 secs]4.662: [scrub symbol table, 0.0013244 secs]4.663: [scrub string table, 0.0001289 secs][1 CMS-remark: 34652K(43712K)] 46304K(63360K), 0.0071586 secs] [Times: user=0.00 sys=0.00, real=0.01 secs] 
4.663: [CMS-concurrent-sweep-start]
4.675: [CMS-concurrent-sweep: 0.011/0.012 secs] [Times: user=0.03 sys=0.00, real=0.01 secs] 
4.675: [CMS-concurrent-reset-start]
4.676: [CMS-concurrent-reset: 0.000/0.000 secs] [Times: user=0.00 sys=0.00, real=0.00 secs] 
4.689: [GC (Allocation Failure) 4.701: [ParNew: 19648K->2176K(19648K), 0.0043842 secs] 47676K->33423K(63360K), 0.0169302 secs] [Times: user=0.00 sys=0.00, real=0.02 secs] 
4.706: [GC (CMS Initial Mark) [1 CMS-initial-mark: 31247K(43712K)] 33772K(63360K), 0.0010005 secs] [Times: user=0.00 sys=0.00, real=0.00 secs] 
4.707: [CMS-concurrent-mark-start]
4.732: [CMS-concurrent-mark: 0.024/0.025 secs] [Times: user=0.11 sys=0.00, real=0.02 secs] 
4.732: [CMS-concurrent-preclean-start]
4.734: [CMS-concurrent-preclean: 0.002/0.002 secs] [Times: user=0.00 sys=0.00, real=0.00 secs] 
4.734: [CMS-concurrent-abortable-preclean-start]
4.758: [GC (Allocation Failure) 4.758: [ParNew: 19648K->2176K(19648K), 0.0055962 secs] 50895K->37168K(63360K), 0.0056608 secs] [Times: user=0.09 sys=0.00, real=0.01 secs] 
4.788: [CMS-concurrent-abortable-preclean: 0.047/0.054 secs] [Times: user=0.16 sys=0.00, real=0.05 secs] 
4.788: [GC (CMS Final Remark) [YG occupancy: 10926 K (19648 K)]4.788: [Rescan (parallel) , 0.0041363 secs]4.792: [weak refs processing, 0.0000853 secs]4.792: [class unloading, 0.0013674 secs]4.794: [scrub symbol table, 0.0011483 secs]4.795: [scrub string table, 0.0001662 secs][1 CMS-remark: 34992K(43712K)] 45919K(63360K), 0.0069900 secs] [Times: user=0.09 sys=0.00, real=0.01 secs] 
4.795: [CMS-concurrent-sweep-start]
4.806: [CMS-concurrent-sweep: 0.011/0.011 secs] [Times: user=0.00 sys=0.00, real=0.01 secs] 
4.806: [CMS-concurrent-reset-start]
4.806: [CMS-concurrent-reset: 0.000/0.000 secs] [Times: user=0.00 sys=0.00, real=0.00 secs] 
4.818: [GC (Allocation Failure) 4.818: [ParNew: 19648K->2176K(19648K), 0.0050575 secs] 48040K->34043K(63360K), 0.0050984 secs] [Times: user=0.09 sys=0.00, real=0.01 secs] 
4.824: [GC (CMS Initial Mark) [1 CMS-initial-mark: 31867K(43712K)] 34392K(63360K), 0.0007644 secs] [Times: user=0.00 sys=0.00, real=0.00 secs] 
4.825: [CMS-concurrent-mark-start]
4.848: [CMS-concurrent-mark: 0.023/0.023 secs] [Times: user=0.05 sys=0.00, real=0.02 secs] 
4.848: [CMS-concurrent-preclean-start]
4.850: [CMS-concurrent-preclean: 0.002/0.002 secs] [Times: user=0.00 sys=0.00, real=0.00 secs] 
4.850: [CMS-concurrent-abortable-preclean-start]
4.876: [GC (Allocation Failure) 4.876: [ParNew: 19648K->2176K(19648K), 0.0317338 secs] 51515K->37682K(63360K), 0.0317759 secs] [Times: user=0.19 sys=0.00, real=0.03 secs] 
4.934: [CMS-concurrent-abortable-preclean: 0.051/0.084 secs] [Times: user=0.30 sys=0.01, real=0.09 secs] 
4.934: [GC (CMS Final Remark) [YG occupancy: 11289 K (19648 K)]4.934: [Rescan (parallel) , 0.0030628 secs]4.937: [weak refs processing, 0.0000568 secs]4.937: [class unloading, 0.0015239 secs]4.939: [scrub symbol table, 0.0012189 secs]4.940: [scrub string table, 0.0001157 secs][1 CMS-remark: 35506K(43712K)] 46795K(63360K), 0.0060652 secs] [Times: user=0.00 sys=0.00, real=0.01 secs] 
4.940: [CMS-concurrent-sweep-start]
4.952: [CMS-concurrent-sweep: 0.012/0.012 secs] [Times: user=0.03 sys=0.00, real=0.01 secs] 
4.952: [CMS-concurrent-reset-start]
4.952: [CMS-concurrent-reset: 0.000/0.000 secs] [Times: user=0.00 sys=0.00, real=0.00 secs] 
4.962: [GC (Allocation Failure) 4.962: [ParNew: 19648K->2176K(19648K), 0.0036024 secs] 48472K->34430K(63360K), 0.0036706 secs] [Times: user=0.13 sys=0.00, real=0.00 secs] 
4.966: [GC (CMS Initial Mark) [1 CMS-initial-mark: 32254K(43712K)] 34787K(63360K), 0.0008929 secs] [Times: user=0.00 sys=0.00, real=0.00 secs] 
4.967: [CMS-concurrent-mark-start]
4.990: [CMS-concurrent-mark: 0.023/0.023 secs] [Times: user=0.05 sys=0.00, real=0.02 secs] 
4.990: [CMS-concurrent-preclean-start]
4.992: [CMS-concurrent-preclean: 0.002/0.002 secs] [Times: user=0.00 sys=0.00, real=0.00 secs] 
4.992: [CMS-concurrent-abortable-preclean-start]
5.019: [GC (Allocation Failure) 5.019: [ParNew: 19648K->2176K(19648K), 0.0039810 secs] 51902K->37834K(63360K), 0.0040231 secs] [Times: user=0.00 sys=0.00, real=0.00 secs] 
5.056: [CMS-concurrent-abortable-preclean: 0.058/0.064 secs] [Times: user=0.14 sys=0.00, real=0.06 secs] 
5.056: [GC (CMS Final Remark) [YG occupancy: 12709 K (19648 K)]5.056: [Rescan (parallel) , 0.0046784 secs]5.061: [weak refs processing, 0.0000595 secs]5.061: [class unloading, 0.0016029 secs]5.062: [scrub symbol table, 0.0011405 secs]5.063: [scrub string table, 0.0001133 secs][1 CMS-remark: 35658K(43712K)] 48367K(63360K), 0.0076679 secs] [Times: user=0.00 sys=0.00, real=0.01 secs] 
5.064: [CMS-concurrent-sweep-start]
5.074: [CMS-concurrent-sweep: 0.011/0.011 secs] [Times: user=0.03 sys=0.00, real=0.01 secs] 
5.075: [CMS-concurrent-reset-start]
5.075: [CMS-concurrent-reset: 0.000/0.000 secs] [Times: user=0.00 sys=0.00, real=0.00 secs] 
5.087: [GC (Allocation Failure) 5.087: [ParNew: 19648K->2176K(19648K), 0.0042745 secs] 48588K->34711K(63360K), 0.0043154 secs] [Times: user=0.13 sys=0.00, real=0.00 secs] 
5.091: [GC (CMS Initial Mark) [1 CMS-initial-mark: 32535K(43712K)] 34929K(63360K), 0.0007926 secs] [Times: user=0.00 sys=0.00, real=0.00 secs] 
5.092: [CMS-concurrent-mark-start]
5.112: [CMS-concurrent-mark: 0.019/0.020 secs] [Times: user=0.05 sys=0.00, real=0.02 secs] 
5.112: [CMS-concurrent-preclean-start]
5.112: [CMS-concurrent-preclean: 0.000/0.000 secs] [Times: user=0.00 sys=0.00, real=0.00 secs] 
5.112: [CMS-concurrent-abortable-preclean-start]
5.132: [GC (Allocation Failure) 5.132: [ParNew: 19648K->1959K(19648K), 0.0026470 secs] 52183K->35956K(63360K), 0.0027422 secs] [Times: user=0.01 sys=0.00, real=0.00 secs] 
5.244: [CMS-concurrent-abortable-preclean: 0.015/0.131 secs] [Times: user=0.13 sys=0.02, real=0.13 secs] 
5.244: [GC (CMS Final Remark) [YG occupancy: 15981 K (19648 K)]5.244: [Rescan (parallel) , 0.0026314 secs]5.246: [weak refs processing, 0.0001755 secs]5.247: [class unloading, 0.0022973 secs]5.249: [scrub symbol table, 0.0014344 secs]5.250: [scrub string table, 0.0001445 secs][1 CMS-remark: 33997K(43712K)] 49978K(63360K), 0.0067698 secs] [Times: user=0.00 sys=0.00, real=0.01 secs] 
5.251: [CMS-concurrent-sweep-start]
5.263: [CMS-concurrent-sweep: 0.012/0.012 secs] [Times: user=0.03 sys=0.00, real=0.01 secs] 
5.263: [CMS-concurrent-reset-start]
5.263: [CMS-concurrent-reset: 0.000/0.000 secs] [Times: user=0.00 sys=0.00, real=0.00 secs] 
5.283: [GC (Allocation Failure) 5.283: [ParNew: 19431K->2176K(19648K), 0.0026530 secs] 42997K->26100K(63360K), 0.0026993 secs] [Times: user=0.00 sys=0.00, real=0.00 secs] 
5.419: [GC (Allocation Failure) 5.419: [ParNew: 19648K->1274K(19648K), 0.0034131 secs] 43572K->26172K(63360K), 0.0034582 secs] [Times: user=0.00 sys=0.00, real=0.00 secs] 
5.482: [GC (Allocation Failure) 5.482: [ParNew: 18746K->515K(19648K), 0.0017592 secs] 43644K->25651K(63360K), 0.0017913 secs] [Times: user=0.00 sys=0.00, real=0.00 secs] 
5.587: [GC (Allocation Failure) 5.587: [ParNew: 17987K->2176K(19648K), 0.0030505 secs] 43123K->27489K(63360K), 0.0031064 secs] [Times: user=0.06 sys=0.00, real=0.00 secs] 
5.690: [GC (Allocation Failure) 5.690: [ParNew: 19614K->2175K(19648K), 0.0029676 secs] 44928K->28237K(63360K), 0.0030033 secs] [Times: user=0.00 sys=0.00, real=0.00 secs] 
6.005: [GC (Allocation Failure) 6.005: [ParNew: 19647K->2059K(19648K), 0.0032311 secs] 45709K->28450K(63360K), 0.0032683 secs] [Times: user=0.02 sys=0.00, real=0.00 secs] 
6.088: [GC (Allocation Failure) 6.088: [ParNew: 19531K->1263K(19648K), 0.0042550 secs] 45922K->28233K(63360K), 0.0043076 secs] [Times: user=0.00 sys=0.00, real=0.00 secs] 
6.164: [GC (Allocation Failure) 6.165: [ParNew: 18735K->1814K(19648K), 0.0025463 secs] 45705K->28785K(63360K), 0.0025812 secs] [Times: user=0.00 sys=0.00, real=0.00 secs] 
6.288: [GC (Allocation Failure) 6.288: [ParNew: 19286K->1853K(19648K), 0.0288744 secs] 46257K->29710K(63360K), 0.0289150 secs] [Times: user=0.13 sys=0.00, real=0.03 secs] 
6.410: [GC (Allocation Failure) 6.410: [ParNew: 19325K->1140K(19648K), 0.0028086 secs] 47182K->29449K(63360K), 0.0028405 secs] [Times: user=0.00 sys=0.00, real=0.00 secs] 
6.497: [GC (Allocation Failure) 6.497: [ParNew: 18612K->1857K(19648K), 0.0018823 secs] 46921K->30165K(63360K), 0.0019193 secs] [Times: user=0.00 sys=0.00, real=0.00 secs] 
6.536: [GC (Allocation Failure) 6.536: [ParNew: 19329K->768K(19648K), 0.0027828 secs] 47637K->29696K(63360K), 0.0028333 secs] [Times: user=0.08 sys=0.00, real=0.00 secs] 
6.596: [GC (Allocation Failure) 6.596: [ParNew: 18240K->881K(19648K), 0.0021212 secs] 47168K->29809K(63360K), 0.0021603 secs] [Times: user=0.00 sys=0.00, real=0.00 secs] 
6.659: [GC (Allocation Failure) 6.659: [ParNew: 18353K->1097K(19648K), 0.0017772 secs] 47281K->30025K(63360K), 0.0018096 secs] [Times: user=0.00 sys=0.00, real=0.00 secs] 
6.731: [GC (Allocation Failure) 6.752: [ParNew: 18569K->1521K(19648K), 0.0028534 secs] 47497K->30448K(63360K), 0.0238674 secs] [Times: user=0.00 sys=0.00, real=0.02 secs] 
6.841: [GC (Allocation Failure) 6.841: [ParNew: 18993K->2030K(19648K), 0.0037007 secs] 47920K->31568K(63360K), 0.0037367 secs] [Times: user=0.00 sys=0.00, real=0.00 secs] 
6.906: [GC (Allocation Failure) 6.906: [ParNew: 19502K->1663K(19648K), 0.0033897 secs] 49040K->31850K(63360K), 0.0034345 secs] [Times: user=0.00 sys=0.00, real=0.00 secs] 
6.983: [GC (Allocation Failure) 6.983: [ParNew: 19135K->1934K(19648K), 0.0033071 secs] 49322K->32829K(63360K), 0.0033437 secs] [Times: user=0.00 sys=0.00, real=0.00 secs] 
7.056: [GC (Allocation Failure) 7.056: [ParNew: 19406K->1152K(19648K), 0.0033479 secs] 50301K->33168K(63360K), 0.0033843 secs] [Times: user=0.00 sys=0.00, real=0.00 secs] 
7.120: [GC (Allocation Failure) 7.120: [ParNew: 18624K->1330K(19648K), 0.0025007 secs] 50640K->33346K(63360K), 0.0025370 secs] [Times: user=0.00 sys=0.00, real=0.00 secs] 
7.123: [GC (CMS Initial Mark) [1 CMS-initial-mark: 32015K(43712K)] 33695K(63360K), 0.0011297 secs] [Times: user=0.00 sys=0.00, real=0.00 secs] 
7.124: [CMS-concurrent-mark-start]
7.151: [CMS-concurrent-mark: 0.026/0.027 secs] [Times: user=0.06 sys=0.00, real=0.03 secs] 
7.151: [CMS-concurrent-preclean-start]
7.152: [CMS-concurrent-preclean: 0.001/0.001 secs] [Times: user=0.00 sys=0.00, real=0.00 secs] 
7.152: [CMS-concurrent-abortable-preclean-start]
 CMS: abort preclean due to time 12.189: [CMS-concurrent-abortable-preclean: 0.455/5.037 secs] [Times: user=0.36 sys=0.01, real=5.04 secs] 
12.190: [GC (CMS Final Remark) [YG occupancy: 7846 K (19648 K)]12.190: [Rescan (parallel) , 0.0056593 secs]12.195: [weak refs processing, 0.0001148 secs]12.195: [class unloading, 0.0027503 secs]12.198: [scrub symbol table, 0.0029916 secs]12.201: [scrub string table, 0.0003305 secs][1 CMS-remark: 32015K(43712K)] 39862K(63360K), 0.0121140 secs] [Times: user=0.02 sys=0.00, real=0.01 secs] 
12.202: [CMS-concurrent-sweep-start]
12.217: [CMS-concurrent-sweep: 0.015/0.015 secs] [Times: user=0.02 sys=0.00, real=0.02 secs] 
12.217: [CMS-concurrent-reset-start]
12.217: [CMS-concurrent-reset: 0.000/0.000 secs] [Times: user=0.00 sys=0.00, real=0.00 secs] 
14.218: [GC (CMS Initial Mark) [1 CMS-initial-mark: 27368K(43712K)] 35215K(63360K), 0.0029294 secs] [Times: user=0.00 sys=0.00, real=0.00 secs] 
14.221: [CMS-concurrent-mark-start]
14.254: [CMS-concurrent-mark: 0.034/0.034 secs] [Times: user=0.06 sys=0.00, real=0.03 secs] 
14.254: [CMS-concurrent-preclean-start]
14.255: [CMS-concurrent-preclean: 0.001/0.001 secs] [Times: user=0.00 sys=0.00, real=0.00 secs] 
14.255: [CMS-concurrent-abortable-preclean-start]
 CMS: abort preclean due to time 19.312: [CMS-concurrent-abortable-preclean: 0.478/5.057 secs] [Times: user=0.42 sys=0.00, real=5.06 secs] 
19.313: [GC (CMS Final Remark) [YG occupancy: 8021 K (19648 K)]19.313: [Rescan (parallel) , 0.0060743 secs]19.319: [weak refs processing, 0.0000481 secs]19.319: [class unloading, 0.0041390 secs]19.323: [scrub symbol table, 0.0052567 secs]19.328: [scrub string table, 0.0005090 secs][1 CMS-remark: 27368K(43712K)] 35390K(63360K), 0.0162163 secs] [Times: user=0.06 sys=0.00, real=0.02 secs] 
19.329: [CMS-concurrent-sweep-start]
19.346: [CMS-concurrent-sweep: 0.017/0.017 secs] [Times: user=0.02 sys=0.00, real=0.02 secs] 
19.346: [CMS-concurrent-reset-start]
19.347: [CMS-concurrent-reset: 0.000/0.000 secs] [Times: user=0.00 sys=0.00, real=0.00 secs] 
21.346: [GC (CMS Initial Mark) [1 CMS-initial-mark: 26213K(43712K)] 34234K(63360K), 0.0047916 secs] [Times: user=0.00 sys=0.00, real=0.01 secs] 
21.351: [CMS-concurrent-mark-start]
21.393: [CMS-concurrent-mark: 0.042/0.042 secs] [Times: user=0.09 sys=0.00, real=0.04 secs] 
21.393: [CMS-concurrent-preclean-start]
21.394: [CMS-concurrent-preclean: 0.001/0.001 secs] [Times: user=0.00 sys=0.00, real=0.00 secs] 
21.394: [CMS-concurrent-abortable-preclean-start]
 CMS: abort preclean due to time 26.414: [CMS-concurrent-abortable-preclean: 0.434/5.020 secs] [Times: user=0.37 sys=0.00, real=5.02 secs] 
26.414: [GC (CMS Final Remark) [YG occupancy: 8021 K (19648 K)]26.414: [Rescan (parallel) , 0.0052934 secs]26.419: [weak refs processing, 0.0000195 secs]26.419: [class unloading, 0.0031346 secs]26.423: [scrub symbol table, 0.0035240 secs]26.426: [scrub string table, 0.0003855 secs][1 CMS-remark: 26213K(43712K)] 34234K(63360K), 0.0124844 secs] [Times: user=0.00 sys=0.00, real=0.01 secs] 
26.427: [CMS-concurrent-sweep-start]
26.444: [CMS-concurrent-sweep: 0.017/0.017 secs] [Times: user=0.03 sys=0.00, real=0.02 secs] 
26.444: [CMS-concurrent-reset-start]
26.444: [CMS-concurrent-reset: 0.000/0.000 secs] [Times: user=0.00 sys=0.00, real=0.00 secs] 
28.444: [GC (CMS Initial Mark) [1 CMS-initial-mark: 26139K(43712K)] 34161K(63360K), 0.0055274 secs] [Times: user=0.00 sys=0.00, real=0.00 secs] 
28.450: [CMS-concurrent-mark-start]
28.499: [CMS-concurrent-mark: 0.050/0.050 secs] [Times: user=0.09 sys=0.00, real=0.05 secs] 
28.500: [CMS-concurrent-preclean-start]
28.500: [CMS-concurrent-preclean: 0.001/0.001 secs] [Times: user=0.00 sys=0.00, real=0.00 secs] 
28.500: [CMS-concurrent-abortable-preclean-start]
 CMS: abort preclean due to time 33.556: [CMS-concurrent-abortable-preclean: 0.472/5.055 secs] [Times: user=0.53 sys=0.00, real=5.06 secs] 
33.556: [GC (CMS Final Remark) [YG occupancy: 8021 K (19648 K)]33.556: [Rescan (parallel) , 0.0063393 secs]33.562: [weak refs processing, 0.0000291 secs]33.562: [class unloading, 0.0040426 secs]33.566: [scrub symbol table, 0.0048688 secs]33.571: [scrub string table, 0.0005483 secs][1 CMS-remark: 26139K(43712K)] 34161K(63360K), 0.0159892 secs] [Times: user=0.05 sys=0.02, real=0.02 secs] 
33.572: [CMS-concurrent-sweep-start]
33.591: [CMS-concurrent-sweep: 0.019/0.019 secs] [Times: user=0.02 sys=0.00, real=0.02 secs] 
33.591: [CMS-concurrent-reset-start]
33.591: [CMS-concurrent-reset: 0.000/0.000 secs] [Times: user=0.00 sys=0.00, real=0.00 secs] 
35.590: [GC (CMS Initial Mark) [1 CMS-initial-mark: 26139K(43712K)] 34161K(63360K), 0.0043488 secs] [Times: user=0.00 sys=0.00, real=0.00 secs] 
35.595: [CMS-concurrent-mark-start]
35.626: [CMS-concurrent-mark: 0.032/0.032 secs] [Times: user=0.06 sys=0.00, real=0.03 secs] 
35.626: [CMS-concurrent-preclean-start]
35.627: [CMS-concurrent-preclean: 0.001/0.001 secs] [Times: user=0.00 sys=0.00, real=0.00 secs] 
35.627: [CMS-concurrent-abortable-preclean-start]
 CMS: abort preclean due to time 40.635: [CMS-concurrent-abortable-preclean: 0.428/5.008 secs] [Times: user=0.47 sys=0.00, real=5.01 secs] 
40.635: [GC (CMS Final Remark) [YG occupancy: 8021 K (19648 K)]40.635: [Rescan (parallel) , 0.0034213 secs]40.639: [weak refs processing, 0.0001274 secs]40.639: [class unloading, 0.0041168 secs]40.643: [scrub symbol table, 0.0035613 secs]40.647: [scrub string table, 0.0004074 secs][1 CMS-remark: 26139K(43712K)] 34161K(63360K), 0.0118054 secs] [Times: user=0.06 sys=0.00, real=0.01 secs] 
40.647: [CMS-concurrent-sweep-start]
40.668: [CMS-concurrent-sweep: 0.021/0.021 secs] [Times: user=0.01 sys=0.00, real=0.02 secs] 
40.668: [CMS-concurrent-reset-start]
40.668: [CMS-concurrent-reset: 0.000/0.000 secs] [Times: user=0.00 sys=0.00, real=0.00 secs] 
42.668: [GC (CMS Initial Mark) [1 CMS-initial-mark: 24949K(43712K)] 32970K(63360K), 0.0036361 secs] [Times: user=0.00 sys=0.00, real=0.00 secs] 
42.672: [CMS-concurrent-mark-start]
42.717: [CMS-concurrent-mark: 0.045/0.045 secs] [Times: user=0.09 sys=0.00, real=0.04 secs] 
42.717: [CMS-concurrent-preclean-start]
42.718: [CMS-concurrent-preclean: 0.001/0.001 secs] [Times: user=0.00 sys=0.00, real=0.00 secs] 
42.718: [CMS-concurrent-abortable-preclean-start]
 CMS: abort preclean due to time 47.791: [CMS-concurrent-abortable-preclean: 0.463/5.073 secs] [Times: user=0.47 sys=0.00, real=5.07 secs] 
47.792: [GC (CMS Final Remark) [YG occupancy: 8021 K (19648 K)]47.792: [Rescan (parallel) , 0.0056242 secs]47.797: [weak refs processing, 0.0001968 secs]47.797: [class unloading, 0.0056146 secs]47.803: [scrub symbol table, 0.0046705 secs]47.808: [scrub string table, 0.0004681 secs][1 CMS-remark: 24949K(43712K)] 32970K(63360K), 0.0168335 secs] [Times: user=0.01 sys=0.00, real=0.02 secs] 
47.809: [CMS-concurrent-sweep-start]
47.834: [CMS-concurrent-sweep: 0.025/0.025 secs] [Times: user=0.03 sys=0.00, real=0.03 secs] 
47.834: [CMS-concurrent-reset-start]
47.834: [CMS-concurrent-reset: 0.000/0.000 secs] [Times: user=0.00 sys=0.00, real=0.00 secs] 
49.834: [GC (CMS Initial Mark) [1 CMS-initial-mark: 24322K(43712K)] 32344K(63360K), 0.0038419 secs] [Times: user=0.00 sys=0.00, real=0.00 secs] 
49.838: [CMS-concurrent-mark-start]
49.874: [CMS-concurrent-mark: 0.036/0.036 secs] [Times: user=0.09 sys=0.00, real=0.04 secs] 
49.874: [CMS-concurrent-preclean-start]
49.875: [CMS-concurrent-preclean: 0.001/0.001 secs] [Times: user=0.00 sys=0.00, real=0.00 secs] 
49.875: [CMS-concurrent-abortable-preclean-start]
50.692: [GC (Allocation Failure) 50.692: [ParNew: 18802K->2176K(19648K), 0.0344920 secs] 43125K->29845K(63360K), 0.0345331 secs] [Times: user=0.14 sys=0.00, real=0.03 secs] 
 CMS: abort preclean due to time 54.886: [CMS-concurrent-abortable-preclean: 0.514/5.011 secs] [Times: user=0.95 sys=0.00, real=5.01 secs] 
54.886: [GC (CMS Final Remark) [YG occupancy: 9200 K (19648 K)]54.886: [Rescan (parallel) , 0.0045419 secs]54.891: [weak refs processing, 0.0000180 secs]54.891: [class unloading, 0.0034351 secs]54.895: [scrub symbol table, 0.0035141 secs]54.898: [scrub string table, 0.0003617 secs][1 CMS-remark: 27669K(43712K)] 36869K(63360K), 0.0119848 secs] [Times: user=0.01 sys=0.00, real=0.01 secs] 
54.899: [CMS-concurrent-sweep-start]
54.912: [CMS-concurrent-sweep: 0.014/0.014 secs] [Times: user=0.02 sys=0.00, real=0.01 secs] 
54.912: [CMS-concurrent-reset-start]
54.913: [CMS-concurrent-reset: 0.000/0.000 secs] [Times: user=0.00 sys=0.00, real=0.00 secs] 
86.788: [GC (Allocation Failure) 86.788: [ParNew: 19648K->2174K(19648K), 0.0091308 secs] 47317K->31950K(63360K), 0.0092149 secs] [Times: user=0.02 sys=0.00, real=0.01 secs] 
